# G1 垃圾收集器日志分析

## 添加运行参数

```no
-verbose:gc
-XX:+PrintGCDetails
-XX:+PrintGCDateStamps
-Xms10m
-Xmx10m
-XX:+UseG1GC                        使用G1垃圾收集器
-XX:MaxGCPauseMillis=200m           设置最短停顿时间200毫秒
```

## 代码案例

```java
package com.xie.jvm.gc;

public class MyTest6 {
    public static void main(String[] args) {
        //1m容量
        int size = 1024 * 1024;

        byte[] myAllocl = new byte[size];
        System.out.println("myAllocl");
        byte[] myAlloc2 = new byte[size];
        System.out.println("myAlloc2");
        byte[] myAlloc3 = new byte[size];
        System.out.println("myAlloc3");
        byte[] myAlloc4 = new byte[size];
        System.out.println("myAlloc4");
    }
}
```

## 输出日志

```no
myAllocl
myAlloc2
2020-02-29T09:47:46.656-0800: [GC pause (G1 Humongous Allocation) (young) (initial-mark), 0.0022105 secs]
   [Parallel Time: 1.6 ms, GC Workers: 8]
      [GC Worker Start (ms): Min: 216.0, Avg: 216.1, Max: 216.3, Diff: 0.3]
      [Ext Root Scanning (ms): Min: 0.1, Avg: 0.2, Max: 0.3, Diff: 0.2, Sum: 2.0]
      [Update RS (ms): Min: 0.0, Avg: 0.0, Max: 0.0, Diff: 0.0, Sum: 0.0]
         [Processed Buffers: Min: 0, Avg: 0.0, Max: 0, Diff: 0, Sum: 0]
      [Scan RS (ms): Min: 0.0, Avg: 0.0, Max: 0.0, Diff: 0.0, Sum: 0.0]
      [Code Root Scanning (ms): Min: 0.0, Avg: 0.0, Max: 0.0, Diff: 0.0, Sum: 0.0]
      [Object Copy (ms): Min: 0.4, Avg: 0.6, Max: 1.1, Diff: 0.8, Sum: 4.7]
      [Termination (ms): Min: 0.0, Avg: 0.6, Max: 0.8, Diff: 0.8, Sum: 4.6]
         [Termination Attempts: Min: 1, Avg: 1.8, Max: 4, Diff: 3, Sum: 14]
      [GC Worker Other (ms): Min: 0.0, Avg: 0.0, Max: 0.0, Diff: 0.0, Sum: 0.1]
      [GC Worker Total (ms): Min: 1.2, Avg: 1.4, Max: 1.5, Diff: 0.3, Sum: 11.4]
      [GC Worker End (ms): Min: 217.5, Avg: 217.5, Max: 217.6, Diff: 0.0]
   [Code Root Fixup: 0.0 ms]
   [Code Root Purge: 0.0 ms]
   [Clear CT: 0.1 ms]
   [Other: 0.6 ms]
      [Choose CSet: 0.0 ms]
      [Ref Proc: 0.3 ms]
      [Ref Enq: 0.0 ms]
      [Redirty Cards: 0.1 ms]
      [Humongous Register: 0.0 ms]
      [Humongous Reclaim: 0.0 ms]
      [Free CSet: 0.0 ms]
   [Eden: 1024.0K(6144.0K)->0.0B(2048.0K) Survivors: 0.0B->1024.0K Heap: 2948.6K(10.0M)->2576.1K(10.0M)]
 [Times: user=0.01 sys=0.00, real=0.00 secs]
2020-02-29T09:47:46.658-0800: [GC concurrent-root-region-scan-start]
2020-02-29T09:47:46.659-0800: [GC concurrent-root-region-scan-end, 0.0005454 secs]
2020-02-29T09:47:46.659-0800: [GC concurrent-mark-start]
2020-02-29T09:47:46.659-0800: [GC concurrent-mark-end, 0.0000423 secs]
2020-02-29T09:47:46.659-0800: [GC remark 2020-02-29T09:47:46.659-0800: [Finalize Marking, 0.0010544 secs] 2020-02-29T09:47:46.660-0800: [GC ref-proc, 0.0000501 secs] 2020-02-29T09:47:46.660-0800: [Unloading, 0.0005186 secs], 0.0018034 secs]
 [Times: user=0.01 sys=0.00, real=0.01 secs]
2020-02-29T09:47:46.661-0800: [GC cleanup 3641K->3641K(10M), 0.0004709 secs]
 [Times: user=0.00 sys=0.00, real=0.00 secs]
myAlloc3
myAlloc4
Heap
 garbage-first heap   total 10240K, used 4624K [0x00000007bf600000, 0x00000007bf700050, 0x00000007c0000000)
  region size 1024K, 2 young (2048K), 1 survivors (1024K)
 Metaspace       used 2684K, capacity 4486K, committed 4864K, reserved 1056768K
  class space    used 288K, capacity 386K, committed 512K, reserved 1048576K
```
