# 垃圾回收日志与算法分析

## 案例分析1

运行参数：

```no
-verbose:gc             打印GC信息
-Xms20M                 设置堆容量初始值大小20m
-Xmx20M                 设置堆容量最大的大小20m
-Xmn10M                 设置新生代堆容量大小10m
-XX:+PrintGCDetails     打印GC 详细信息
-XX:SurvivorRatio=8     设置Eden空间与Survivor空间比例是8:1:1。即新生代设置的是10m,那么分配的比例就是Eden空间为8m,fromSurvior和toSurvivor空间都是1m
```

代码案例

```java
package com.xie.jvm.gc;

public class MyTest1 {
    public static void main(String[] args) {
        //1m容量
        int size = 1024 * 1024;

        byte[] myAllocl = new byte[2 * size];
        System.out.println("myAllocl");
        byte[] myAlloc2 = new byte[2 * size];
        System.out.println("myAlloc2");
        byte[] myAlloc3 = new byte[2 * size];
        System.out.println("myAlloc3");
        byte[] myAlloc4 = new byte[1 * size];
        System.out.println("myAlloc4");
    }
}
```

输出日志

```no
myAllocl
myAlloc2
myAlloc3
myAlloc4
[GC (Allocation Failure) [PSYoungGen: 8191K->560K(9216K)] 8191K->568K(19456K), 0.0028438 secs] [Times: user=0.01 sys=0.00, real=0.00 secs]
Heap
 PSYoungGen      total 9216K, used 724K [0x00000007bf600000, 0x00000007c0000000, 0x00000007c0000000)
  eden space 8192K, 2% used [0x00000007bf600000,0x00000007bf6290e8,0x00000007bfe00000)
  from space 1024K, 54% used [0x00000007bfe00000,0x00000007bfe8c010,0x00000007bff00000)
  to   space 1024K, 0% used [0x00000007bff00000,0x00000007bff00000,0x00000007c0000000)
 ParOldGen       total 10240K, used 8K [0x00000007bec00000, 0x00000007bf600000, 0x00000007bf600000)
  object space 10240K, 0% used [0x00000007bec00000,0x00000007bec02000,0x00000007bf600000)
 Metaspace       used 2684K, capacity 4486K, committed 4864K, reserved 1056768K
  class space    used 288K, capacity 386K, committed 512K, reserved 1048576K
```

**日志分析:**`[GC (Allocation Failure) [PSYoungGen: 8191K->560K(9216K)] 8191K->568K(19456K), 0.0028438 secs] [Times: user=0.01 sys=0.00, real=0.00 secs]`

- `GC (Allocation Failure)`表示本次发生GC的原因，`Allocation Failure`表示分配内存失败；
- `PSYoungGen`表示GC发生在年轻代区，`PS`代表`Parallel Scavenge`收集器;
- `8191K->560K(9216K)` 中`8191K` 表示在执行GC之前新生代存活的对象所占据的空间，`560K` 表示执行GC之后新生代存活的对象所占据的空间，注意新生代区除了代码创建的对象外还有系统加载的对象。`(9216K)`表示新生代总的容量设置的是9216k,说明新生代占据9M。这是由Eden区加上一个Survivor区(8m+1m)构成。两个Survivor区由于采用复制算法，所以一定会有一个Survivor区是不占用空间的。
- `8191K->568K(19456K)` 中`8191K`表示执行GC执行总的堆的大小，`568K`表示执行GC之后总的堆的大小。`19456K`表示，总的堆设置的可用容量。
- `Times: user=0.00 sys=0.00, real=0.00 secs` 表示在用户空间用的0.00秒，内核空间用的0.00秒，实际用的0.00秒。

Heap 下的信息表示当前堆的信息。

- `PSYoungGen      total 9216K, used 724K`表示当前新生代总容量`9216K`，已经使用了`724K`；
- `eden space 8192K, 2% used`表示新生代中Eden区空间容量为`8192K`，已经使用2%；
- `from space 1024K, 54% used`表示FromSurvivor区的总容量为`1024K`，已经使用54%;
- `to   space 1024K, 0% used` 表示ToSurvivor区的总容量为`1024K`，已经使用0%;
- `ParOldGen       total 10240K, used 8K`表示老年代的总容量为`10240K`，本次GC从新生代晋升到老年的容量为`8k=[8191K-560K]-[8191K-568K]`,即执行完GC之后新生代释放的容量减去总的堆释放的容量)；其中`ParOldGen`表示Parallel Old 表示老年代垃圾收集器；
- `object space 10240K, 0% used`表示老年代的对象空间是`10240K`,已经使用0%,这里取得是近似值，实际还是有部分对象的。
  
## 案例分析2

运行参数和案例1一样，修改原有的代码

```java
package com.xie.jvm.gc;

public class MyTest1 {
    public static void main(String[] args) {
        //1m容量
        int size = 1024 * 1024;

        byte[] myAllocl = new byte[2 * size];
        System.out.println("myAllocl");
        byte[] myAlloc2 = new byte[2 * size];
        System.out.println("myAlloc2");
        byte[] myAlloc3 = new byte[2 * size];
        System.out.println("myAlloc3");
        byte[] myAlloc4 = new byte[2 * size];
        System.out.println("myAlloc4");
    }
}
```

输入日志：

```no
myAllocl
myAlloc2
myAlloc3
[GC (Allocation Failure) [PSYoungGen: 7167K->496K(9216K)] 7167K->6648K(19456K), 0.0094859 secs] [Times: user=0.04 sys=0.01, real=0.01 secs]
[Full GC (Ergonomics) [PSYoungGen: 496K->0K(9216K)] [ParOldGen: 6152K->6488K(10240K)] 6648K->6488K(19456K), [Metaspace: 2678K->2678K(1056768K)], 0.0076184 secs] [Times: user=0.03 sys=0.00, real=0.01 secs]
myAlloc4
Heap
 PSYoungGen      total 9216K, used 2290K [0x00000007bf600000, 0x00000007c0000000, 0x00000007c0000000)
  eden space 8192K, 27% used [0x00000007bf600000,0x00000007bf83c9a0,0x00000007bfe00000)
  from space 1024K, 0% used [0x00000007bfe00000,0x00000007bfe00000,0x00000007bff00000)
  to   space 1024K, 0% used [0x00000007bff00000,0x00000007bff00000,0x00000007c0000000)
 ParOldGen       total 10240K, used 6488K [0x00000007bec00000, 0x00000007bf600000, 0x00000007bf600000)
  object space 10240K, 63% used [0x00000007bec00000,0x00000007bf256360,0x00000007bf600000)
 Metaspace       used 2684K, capacity 4486K, committed 4864K, reserved 1056768K
  class space    used 288K, capacity 386K, committed 512K, reserved 1048576K
```

可以看到本次除了执行GC之外还执行了Full GC。
**日志分析：**`[Full GC (Ergonomics) [PSYoungGen: 496K->0K(9216K)] [ParOldGen: 6152K->6488K(10240K)] 6648K->6488K(19456K), [Metaspace: 2678K->2678K(1056768K)], 0.0076184 secs]`

- `Full GC (Ergonomics)`表示本次Full GC 出发的原因；
- `[PSYoungGen: 7167K->496K(9216K)]`表示本次Full GC 执行之前与执行之后新生代区所占的容量，`(9216K)`表示新生代的总容量；
- `[ParOldGen: 6152K->6488K(10240K)]`表示本次Full GC 执行之前与执行之后老年区所占的容量，`(10240K)`表示老年代的总容量；
- `6648K->6488K(19456K)`表示本次Full GC 执行之前与执行之后总的堆的容量，`19456K`表示总的堆的可用容量；
- `[Metaspace: 2678K->2678K(1056768K)]`表示本次Full GC 执行之前与执行之后元空间的容量，没有变化；
